[DB] Base de datos inicializada: C:\Ingenieria\VigIA\vigia.db
[DB] OK - Tablas creadas: olas, operarios, asignaciones_ola, estandares_sector, historico_olas, productividad_analisis_*, plantel_*
[START] Backfill gestion productividad picking 2026-01-01..2026-05-22 turnos=426 coverage=covered
[SKIP] 2026-01-01 Mañana cubierto localmente 2026-01-01 06:00:00..2026-01-01 14:00:00
[OK] 2026-01-01 Tarde run=7 rows=80 events=69 segments=0 seconds=2.0
[OK] 2026-01-01 Noche run=8 rows=16661 events=16609 segments=122 seconds=8.11
[OK] 2026-01-02 Mañana run=9 rows=18883 events=18812 segments=164 seconds=8.12
[OK] 2026-01-02 Tarde run=10 rows=18184 events=18116 segments=147 seconds=7.76
[OK] 2026-01-02 Noche run=11 rows=17293 events=17233 segments=146 seconds=8.38
[OK] 2026-01-03 Mañana run=12 rows=19127 events=19026 segments=219 seconds=8.2
[OK] 2026-01-03 Tarde run=13 rows=1038 events=1033 segments=25 seconds=3.14
[OK] 2026-01-03 Noche run=14 rows=123 events=98 segments=8 seconds=2.7
[OK] 2026-01-04 Mañana run=15 rows=26422 events=26372 segments=153 seconds=13.21
[OK] 2026-01-04 Tarde run=16 rows=80 events=63 segments=5 seconds=2.28
[OK] 2026-01-04 Noche run=17 rows=20980 events=20914 segments=134 seconds=10.07
[OK] 2026-01-05 Mañana run=18 rows=17731 events=17676 segments=111 seconds=11.83
[OK] 2026-01-05 Tarde run=19 rows=20678 events=20618 segments=152 seconds=12.34
[OK] 2026-01-05 Noche run=20 rows=21942 events=21889 segments=147 seconds=12.8
[OK] 2026-01-06 Mañana run=21 rows=18142 events=18102 segments=139 seconds=11.79
[OK] 2026-01-06 Tarde run=22 rows=21636 events=21578 segments=155 seconds=10.68
[OK] 2026-01-06 Noche run=23 rows=21025 events=20972 segments=144 seconds=9.5
[OK] 2026-01-07 Mañana run=24 rows=19343 events=19288 segments=147 seconds=8.97
[OK] 2026-01-07 Tarde run=25 rows=18697 events=18649 segments=145 seconds=8.54
[OK] 2026-01-07 Noche run=26 rows=20555 events=20511 segments=139 seconds=7.34
[OK] 2026-01-08 Mañana run=27 rows=19417 events=19352 segments=156 seconds=7.14
[OK] 2026-01-08 Tarde run=28 rows=19505 events=19460 segments=144 seconds=7.82
[OK] 2026-01-08 Noche run=29 rows=20154 events=20115 segments=156 seconds=8.67
[OK] 2026-01-09 Mañana run=30 rows=20457 events=20411 segments=143 seconds=7.28
[OK] 2026-01-09 Tarde run=31 rows=20368 events=20320 segments=133 seconds=8.51
[OK] 2026-01-09 Noche run=32 rows=19213 events=19173 segments=150 seconds=9.27
[OK] 2026-01-10 Mañana run=33 rows=15126 events=15063 segments=205 seconds=7.85
[OK] 2026-01-10 Tarde run=34 rows=1152 events=1150 segments=24 seconds=3.01
[OK] 2026-01-10 Noche run=35 rows=7 events=7 segments=0 seconds=1.99
[OK] 2026-01-11 Mañana run=36 rows=5973 events=5967 segments=47 seconds=4.15
[OK] 2026-01-11 Tarde run=37 rows=122 events=106 segments=8 seconds=2.41
[OK] 2026-01-11 Noche run=38 rows=18290 events=18226 segments=118 seconds=8.44
[OK] 2026-01-12 Mañana run=39 rows=20072 events=20019 segments=140 seconds=8.1
[ERROR] 2026-01-12 tarde: database is locked
[OK] 2026-01-12 Noche run=41 rows=19096 events=19047 segments=132 seconds=7.79
[OK] 2026-01-13 Mañana run=42 rows=22240 events=22202 segments=154 seconds=7.86
[OK] 2026-01-13 Tarde run=43 rows=18052 events=17993 segments=136 seconds=7.66
[OK] 2026-01-13 Noche run=44 rows=17893 events=17841 segments=152 seconds=7.34
[OK] 2026-01-14 Mañana run=45 rows=22535 events=22493 segments=173 seconds=9.41
[OK] 2026-01-14 Tarde run=46 rows=18757 events=18710 segments=149 seconds=7.77
[OK] 2026-01-14 Noche run=47 rows=19188 events=19140 segments=139 seconds=7.29
[OK] 2026-01-15 Mañana run=48 rows=22667 events=22623 segments=172 seconds=9.81
[OK] 2026-01-15 Tarde run=49 rows=16349 events=16299 segments=135 seconds=8.48
[OK] 2026-01-15 Noche run=50 rows=18657 events=18619 segments=139 seconds=7.77
[OK] 2026-01-16 Mañana run=51 rows=20790 events=20747 segments=156 seconds=8.48
[OK] 2026-01-16 Tarde run=52 rows=17881 events=17830 segments=155 seconds=7.33
[OK] 2026-01-16 Noche run=53 rows=17146 events=17113 segments=145 seconds=8.21
[OK] 2026-01-17 Mañana run=54 rows=16595 events=16560 segments=209 seconds=7.18
[OK] 2026-01-17 Tarde run=55 rows=1155 events=1154 segments=28 seconds=2.42
[OK] 2026-01-17 Noche run=56 rows=0 events=0 segments=0 seconds=1.68
[OK] 2026-01-18 Mañana run=57 rows=0 events=0 segments=0 seconds=1.58
[OK] 2026-01-18 Tarde run=58 rows=174 events=165 segments=14 seconds=2.22
[OK] 2026-01-18 Noche run=59 rows=17433 events=17404 segments=104 seconds=7.27
[OK] 2026-01-19 Mañana run=60 rows=20835 events=20786 segments=129 seconds=8.66
[OK] 2026-01-19 Tarde run=61 rows=19364 events=19309 segments=148 seconds=6.77
[OK] 2026-01-19 Noche run=62 rows=19028 events=18999 segments=136 seconds=8.5
[OK] 2026-01-20 Mañana run=63 rows=21088 events=21045 segments=138 seconds=8.41
[OK] 2026-01-20 Tarde run=64 rows=18673 events=18638 segments=149 seconds=8.51
[OK] 2026-01-20 Noche run=65 rows=18825 events=18800 segments=141 seconds=7.85
[OK] 2026-01-21 Mañana run=66 rows=19344 events=19285 segments=177 seconds=8.44
[OK] 2026-01-21 Tarde run=67 rows=18832 events=18785 segments=144 seconds=10.93
[OK] 2026-01-21 Noche run=68 rows=17794 events=17766 segments=130 seconds=9.07
[OK] 2026-01-22 Mañana run=69 rows=18096 events=18033 segments=173 seconds=10.17
[OK] 2026-01-22 Tarde run=70 rows=17925 events=17887 segments=160 seconds=9.82
[OK] 2026-01-22 Noche run=71 rows=17966 events=17925 segments=130 seconds=8.06
[OK] 2026-01-23 Mañana run=72 rows=17824 events=17771 segments=163 seconds=7.32
[OK] 2026-01-23 Tarde run=73 rows=19786 events=19744 segments=154 seconds=7.36
[OK] 2026-01-23 Noche run=74 rows=16775 events=16740 segments=135 seconds=6.96
[OK] 2026-01-24 Mañana run=75 rows=14986 events=14925 segments=211 seconds=6.51
[OK] 2026-01-24 Tarde run=76 rows=1731 events=1727 segments=46 seconds=3.07
[OK] 2026-01-24 Noche run=77 rows=0 events=0 segments=0 seconds=1.61
[OK] 2026-01-25 Mañana run=78 rows=0 events=0 segments=0 seconds=1.48
[OK] 2026-01-25 Tarde run=79 rows=90 events=73 segments=4 seconds=2.0
[OK] 2026-01-25 Noche run=80 rows=16712 events=16667 segments=110 seconds=6.45
[OK] 2026-01-26 Mañana run=81 rows=16629 events=16588 segments=133 seconds=6.72
[OK] 2026-01-26 Tarde run=82 rows=18814 events=18776 segments=138 seconds=7.17
[OK] 2026-01-26 Noche run=83 rows=16400 events=16365 segments=127 seconds=6.35
[OK] 2026-01-27 Mañana run=84 rows=20113 events=20071 segments=149 seconds=7.2
[OK] 2026-01-27 Tarde run=85 rows=20017 events=19984 segments=162 seconds=8.04
[OK] 2026-01-27 Noche run=86 rows=17643 events=17596 segments=133 seconds=7.63
[OK] 2026-01-28 Mañana run=87 rows=21156 events=21112 segments=181 seconds=8.16
[OK] 2026-01-28 Tarde run=88 rows=19359 events=19294 segments=164 seconds=10.62
[OK] 2026-01-28 Noche run=89 rows=17041 events=16993 segments=140 seconds=9.09
[OK] 2026-01-29 Mañana run=90 rows=20122 events=20072 segments=160 seconds=11.44
[OK] 2026-01-29 Tarde run=91 rows=18732 events=18699 segments=145 seconds=8.63
[OK] 2026-01-29 Noche run=92 rows=14255 events=14215 segments=113 seconds=7.69
[OK] 2026-01-30 Mañana run=93 rows=18172 events=18128 segments=148 seconds=8.6
[OK] 2026-01-30 Tarde run=94 rows=19170 events=19135 segments=131 seconds=9.31
[OK] 2026-01-30 Noche run=95 rows=16318 events=16257 segments=125 seconds=7.16
[OK] 2026-01-31 Mañana run=96 rows=17337 events=17275 segments=234 seconds=7.48
[OK] 2026-01-31 Tarde run=97 rows=1411 events=1408 segments=36 seconds=2.88
[OK] 2026-01-31 Noche run=98 rows=336 events=321 segments=32 seconds=2.47
[OK] 2026-02-01 Mañana run=99 rows=21376 events=21361 segments=107 seconds=10.21
[OK] 2026-02-01 Tarde run=100 rows=106 events=82 segments=5 seconds=2.34
[OK] 2026-02-01 Noche run=101 rows=18775 events=18737 segments=121 seconds=8.87
[OK] 2026-02-02 Mañana run=102 rows=19023 events=18983 segments=131 seconds=9.51
[OK] 2026-02-02 Tarde run=103 rows=20412 events=20369 segments=161 seconds=10.07
[OK] 2026-02-02 Noche run=104 rows=21964 events=21931 segments=144 seconds=8.35
[OK] 2026-02-03 Mañana run=105 rows=20413 events=20372 segments=150 seconds=8.03
[OK] 2026-02-03 Tarde run=106 rows=19942 events=19905 segments=152 seconds=8.56
[OK] 2026-02-03 Noche run=107 rows=18922 events=18885 segments=143 seconds=8.91
[OK] 2026-02-04 Mañana run=108 rows=18891 events=18842 segments=154 seconds=7.98
[OK] 2026-02-04 Tarde run=109 rows=16833 events=16786 segments=154 seconds=8.31
[OK] 2026-02-04 Noche run=110 rows=18305 events=18257 segments=138 seconds=6.87
[OK] 2026-02-05 Mañana run=111 rows=19502 events=19399 segments=163 seconds=9.29
[OK] 2026-02-05 Tarde run=112 rows=18684 events=18599 segments=162 seconds=8.23
[OK] 2026-02-05 Noche run=113 rows=16824 events=16774 segments=134 seconds=7.96
[OK] 2026-02-06 Mañana run=114 rows=17456 events=17355 segments=161 seconds=8.01
[OK] 2026-02-06 Tarde run=115 rows=15455 events=15394 segments=117 seconds=7.86
[OK] 2026-02-06 Noche run=116 rows=15457 events=15387 segments=144 seconds=6.92
[OK] 2026-02-07 Mañana run=117 rows=15090 events=14993 segments=211 seconds=8.74
[OK] 2026-02-07 Tarde run=118 rows=155 events=153 segments=7 seconds=1.9
[OK] 2026-02-07 Noche run=119 rows=51 events=36 segments=1 seconds=1.89
[OK] 2026-02-08 Mañana run=120 rows=25208 events=25146 segments=178 seconds=10.37
[OK] 2026-02-08 Tarde run=121 rows=88 events=62 segments=0 seconds=1.94
[OK] 2026-02-08 Noche run=122 rows=17621 events=17538 segments=121 seconds=8.2
[OK] 2026-02-09 Mañana run=123 rows=15229 events=15152 segments=114 seconds=6.27
[OK] 2026-02-09 Tarde run=124 rows=19921 events=19847 segments=142 seconds=7.96
[OK] 2026-02-09 Noche run=125 rows=18830 events=18765 segments=142 seconds=7.05
[OK] 2026-02-10 Mañana run=126 rows=20474 events=20397 segments=175 seconds=8.1
[OK] 2026-02-10 Tarde run=127 rows=20321 events=20251 segments=161 seconds=8.02
[OK] 2026-02-10 Noche run=128 rows=17159 events=17096 segments=135 seconds=9.21
[OK] 2026-02-11 Mañana run=129 rows=19488 events=19402 segments=161 seconds=10.48
[OK] 2026-02-11 Tarde run=130 rows=20743 events=20669 segments=163 seconds=12.23
[OK] 2026-02-11 Noche run=131 rows=20356 events=20292 segments=126 seconds=12.93
[OK] 2026-02-12 Mañana run=132 rows=20840 events=20766 segments=162 seconds=12.75
[OK] 2026-02-12 Tarde run=133 rows=18200 events=18132 segments=160 seconds=11.56
[OK] 2026-02-12 Noche run=134 rows=16482 events=16404 segments=136 seconds=9.84
[OK] 2026-02-13 Mañana run=135 rows=18452 events=18372 segments=154 seconds=11.35
[OK] 2026-02-13 Tarde run=136 rows=17377 events=17301 segments=138 seconds=9.6
[OK] 2026-02-13 Noche run=137 rows=15649 events=15587 segments=139 seconds=9.3
[OK] 2026-02-14 Mañana run=138 rows=15481 events=15395 segments=203 seconds=7.49
[OK] 2026-02-14 Tarde run=139 rows=813 events=813 segments=16 seconds=2.1
[OK] 2026-02-14 Noche run=140 rows=8 events=8 segments=0 seconds=1.78
[OK] 2026-02-15 Mañana run=141 rows=5052 events=5041 segments=36 seconds=3.66
[OK] 2026-02-15 Tarde run=142 rows=90 events=69 segments=5 seconds=1.94
[OK] 2026-02-15 Noche run=143 rows=13828 events=13781 segments=111 seconds=6.65
[OK] 2026-02-16 Mañana run=144 rows=17848 events=17788 segments=144 seconds=8.58
[OK] 2026-02-16 Tarde run=145 rows=18300 events=18236 segments=125 seconds=9.79
[OK] 2026-02-16 Noche run=146 rows=14688 events=14617 segments=108 seconds=8.7
[OK] 2026-02-17 Mañana run=147 rows=16081 events=16019 segments=120 seconds=8.42
[OK] 2026-02-17 Tarde run=148 rows=22682 events=22609 segments=135 seconds=8.66
[OK] 2026-02-17 Noche run=149 rows=18576 events=18513 segments=127 seconds=8.87
[OK] 2026-02-18 Mañana run=150 rows=19996 events=19931 segments=126 seconds=8.8
[OK] 2026-02-18 Tarde run=151 rows=21073 events=21010 segments=144 seconds=8.41
[OK] 2026-02-18 Noche run=152 rows=5752 events=5721 segments=37 seconds=3.61
[OK] 2026-02-19 Mañana run=153 rows=1373 events=1333 segments=52 seconds=4.06
[OK] 2026-02-19 Tarde run=154 rows=726 events=651 segments=15 seconds=2.32
[OK] 2026-02-19 Noche run=155 rows=12461 events=12404 segments=106 seconds=5.95
[OK] 2026-02-20 Mañana run=156 rows=17634 events=17566 segments=120 seconds=8.09
[OK] 2026-02-20 Tarde run=157 rows=22026 events=21960 segments=160 seconds=12.13
[OK] 2026-02-20 Noche run=158 rows=15116 events=15066 segments=140 seconds=6.97
[OK] 2026-02-21 Mañana run=159 rows=18378 events=18283 segments=238 seconds=7.95
[OK] 2026-02-21 Tarde run=160 rows=1459 events=1456 segments=32 seconds=2.7
[OK] 2026-02-21 Noche run=161 rows=69 events=58 segments=5 seconds=2.3
[OK] 2026-02-22 Mañana run=162 rows=22807 events=22742 segments=155 seconds=10.89
[OK] 2026-02-22 Tarde run=163 rows=103 events=79 segments=8 seconds=1.77
[OK] 2026-02-22 Noche run=164 rows=17907 events=17848 segments=115 seconds=6.35
[OK] 2026-02-23 Mañana run=165 rows=17670 events=17600 segments=119 seconds=6.26
[OK] 2026-02-23 Tarde run=166 rows=16871 events=16809 segments=120 seconds=6.65
[OK] 2026-02-23 Noche run=167 rows=17556 events=17499 segments=127 seconds=6.95
[OK] 2026-02-24 Mañana run=168 rows=17782 events=17743 segments=123 seconds=6.71
[OK] 2026-02-24 Tarde run=169 rows=17459 events=17395 segments=160 seconds=6.3
[OK] 2026-02-24 Noche run=170 rows=16967 events=16896 segments=136 seconds=7.97
[OK] 2026-02-25 Mañana run=171 rows=17872 events=17806 segments=152 seconds=8.12
[OK] 2026-02-25 Tarde run=172 rows=15285 events=15232 segments=111 seconds=6.26
[OK] 2026-02-25 Noche run=173 rows=14754 events=14681 segments=120 seconds=5.38
[OK] 2026-02-26 Mañana run=174 rows=17212 events=17158 segments=133 seconds=9.75
[OK] 2026-02-26 Tarde run=175 rows=13851 events=13799 segments=110 seconds=8.58
[OK] 2026-02-26 Noche run=176 rows=17100 events=17040 segments=128 seconds=8.75
[OK] 2026-02-27 Mañana run=177 rows=19796 events=19755 segments=136 seconds=10.87
[OK] 2026-02-27 Tarde run=178 rows=15365 events=15309 segments=119 seconds=9.06
[OK] 2026-02-27 Noche run=179 rows=15556 events=15499 segments=125 seconds=10.03
[OK] 2026-02-28 Mañana run=180 rows=14413 events=14339 segments=189 seconds=8.41
[OK] 2026-02-28 Tarde run=181 rows=1507 events=1504 segments=20 seconds=2.96
[OK] 2026-02-28 Noche run=182 rows=98 events=78 segments=9 seconds=2.02
[OK] 2026-03-01 Mañana run=183 rows=23141 events=23105 segments=155 seconds=10.85
[OK] 2026-03-01 Tarde run=184 rows=78 events=53 segments=1 seconds=2.19
[OK] 2026-03-01 Noche run=185 rows=17951 events=17882 segments=120 seconds=8.91
[OK] 2026-03-02 Mañana run=186 rows=15709 events=15653 segments=124 seconds=8.47
[OK] 2026-03-02 Tarde run=187 rows=23872 events=23806 segments=141 seconds=10.33
[OK] 2026-03-02 Noche run=188 rows=20412 events=20366 segments=118 seconds=10.28
[OK] 2026-03-03 Mañana run=189 rows=20723 events=20674 segments=154 seconds=8.89
[OK] 2026-03-03 Tarde run=190 rows=19543 events=19481 segments=135 seconds=11.04
[OK] 2026-03-03 Noche run=191 rows=20621 events=20566 segments=133 seconds=11.8
[OK] 2026-03-04 Mañana run=192 rows=19274 events=19225 segments=156 seconds=8.77
[OK] 2026-03-04 Tarde run=193 rows=18253 events=18189 segments=143 seconds=7.7
[OK] 2026-03-04 Noche run=194 rows=16104 events=16050 segments=133 seconds=8.23
[OK] 2026-03-05 Mañana run=195 rows=17101 events=17048 segments=161 seconds=11.08
[OK] 2026-03-05 Tarde run=196 rows=19023 events=18950 segments=149 seconds=8.37
[OK] 2026-03-05 Noche run=197 rows=15586 events=15536 segments=121 seconds=6.89
[OK] 2026-03-06 Mañana run=198 rows=17405 events=17340 segments=159 seconds=7.04
[OK] 2026-03-06 Tarde run=199 rows=18651 events=18593 segments=162 seconds=8.14
[OK] 2026-03-06 Noche run=200 rows=15077 events=15033 segments=124 seconds=9.14
[OK] 2026-03-07 Mañana run=201 rows=16336 events=16267 segments=202 seconds=8.82
[OK] 2026-03-07 Tarde run=202 rows=1077 events=1075 segments=32 seconds=3.7
[OK] 2026-03-07 Noche run=203 rows=285 events=253 segments=19 seconds=4.08
[OK] 2026-03-08 Mañana run=204 rows=24210 events=24167 segments=151 seconds=10.37
[OK] 2026-03-08 Tarde run=205 rows=117 events=96 segments=11 seconds=2.1
[OK] 2026-03-08 Noche run=206 rows=14027 events=13970 segments=103 seconds=5.72
[OK] 2026-03-09 Mañana run=207 rows=19908 events=19852 segments=127 seconds=7.87
[OK] 2026-03-09 Tarde run=208 rows=21130 events=21049 segments=136 seconds=11.78
[OK] 2026-03-09 Noche run=209 rows=18370 events=18321 segments=129 seconds=9.25
[OK] 2026-03-10 Mañana run=210 rows=19276 events=19208 segments=159 seconds=11.08
[OK] 2026-03-10 Tarde run=211 rows=18991 events=18928 segments=150 seconds=10.59
[OK] 2026-03-10 Noche run=212 rows=16393 events=16346 segments=137 seconds=9.6
[OK] 2026-03-11 Mañana run=213 rows=18121 events=18062 segments=164 seconds=9.66
[OK] 2026-03-11 Tarde run=214 rows=16786 events=16725 segments=148 seconds=7.59
[OK] 2026-03-11 Noche run=215 rows=16249 events=16194 segments=142 seconds=8.16
[OK] 2026-03-12 Mañana run=216 rows=19673 events=19605 segments=169 seconds=9.38
[OK] 2026-03-12 Tarde run=217 rows=16458 events=16397 segments=159 seconds=7.85
[OK] 2026-03-12 Noche run=218 rows=14859 events=14797 segments=125 seconds=6.38
[OK] 2026-03-13 Mañana run=219 rows=15357 events=15289 segments=175 seconds=6.91
[OK] 2026-03-13 Tarde run=220 rows=21303 events=21236 segments=140 seconds=11.77
[OK] 2026-03-13 Noche run=221 rows=19103 events=19053 segments=145 seconds=10.16
[OK] 2026-03-14 Mañana run=222 rows=19876 events=19809 segments=210 seconds=6.61
[OK] 2026-03-14 Tarde run=223 rows=8388 events=8373 segments=113 seconds=4.9
[OK] 2026-03-14 Noche run=224 rows=0 events=0 segments=0 seconds=1.68
[OK] 2026-03-15 Mañana run=225 rows=0 events=0 segments=0 seconds=1.45
[OK] 2026-03-15 Tarde run=226 rows=157 events=127 segments=17 seconds=1.87
[OK] 2026-03-15 Noche run=227 rows=19081 events=19016 segments=121 seconds=6.83
[OK] 2026-03-16 Mañana run=228 rows=18970 events=18929 segments=140 seconds=7.71
[OK] 2026-03-16 Tarde run=229 rows=19941 events=19871 segments=150 seconds=7.99
[OK] 2026-03-16 Noche run=230 rows=18135 events=18082 segments=126 seconds=7.64
[OK] 2026-03-17 Mañana run=231 rows=20770 events=20718 segments=164 seconds=8.19
[OK] 2026-03-17 Tarde run=232 rows=20946 events=20885 segments=170 seconds=11.1
[OK] 2026-03-17 Noche run=233 rows=18937 events=18875 segments=149 seconds=8.93
[OK] 2026-03-18 Mañana run=234 rows=20066 events=20011 segments=169 seconds=9.22
[OK] 2026-03-18 Tarde run=235 rows=19052 events=18979 segments=175 seconds=9.28
[OK] 2026-03-18 Noche run=236 rows=15672 events=15617 segments=132 seconds=7.77
[OK] 2026-03-19 Mañana run=237 rows=18221 events=18177 segments=160 seconds=10.34
[OK] 2026-03-19 Tarde run=238 rows=19903 events=19847 segments=162 seconds=9.34
[OK] 2026-03-19 Noche run=239 rows=17407 events=17360 segments=130 seconds=9.25
[OK] 2026-03-20 Mañana run=240 rows=19490 events=19440 segments=166 seconds=9.74
[OK] 2026-03-20 Tarde run=241 rows=17461 events=17406 segments=145 seconds=8.59
[OK] 2026-03-20 Noche run=242 rows=15977 events=15920 segments=141 seconds=8.3
[OK] 2026-03-21 Mañana run=243 rows=17278 events=17233 segments=185 seconds=9.27
[OK] 2026-03-21 Tarde run=244 rows=8387 events=8372 segments=105 seconds=5.09
[OK] 2026-03-21 Noche run=245 rows=0 events=0 segments=0 seconds=1.64
[OK] 2026-03-22 Mañana run=246 rows=0 events=0 segments=0 seconds=1.35
[OK] 2026-03-22 Tarde run=247 rows=60 events=53 segments=3 seconds=1.53
[OK] 2026-03-22 Noche run=248 rows=20609 events=20552 segments=132 seconds=9.15
[OK] 2026-03-23 Mañana run=249 rows=17965 events=17914 segments=126 seconds=8.89
[OK] 2026-03-23 Tarde run=250 rows=20098 events=20016 segments=139 seconds=9.29
[OK] 2026-03-23 Noche run=251 rows=19598 events=19536 segments=132 seconds=8.53
[OK] 2026-03-24 Mañana run=252 rows=18000 events=17943 segments=124 seconds=8.8
[OK] 2026-03-24 Tarde run=253 rows=19877 events=19823 segments=148 seconds=8.7
[OK] 2026-03-24 Noche run=254 rows=20952 events=20889 segments=145 seconds=7.03
[OK] 2026-03-25 Mañana run=255 rows=17322 events=17258 segments=136 seconds=5.82
[OK] 2026-03-25 Tarde run=256 rows=19586 events=19521 segments=125 seconds=5.51
[OK] 2026-03-25 Noche run=257 rows=19791 events=19725 segments=133 seconds=5.56
[OK] 2026-03-26 Mañana run=258 rows=16934 events=16856 segments=153 seconds=5.75
[OK] 2026-03-26 Tarde run=259 rows=16907 events=16828 segments=138 seconds=6.17
[OK] 2026-03-26 Noche run=260 rows=20218 events=20155 segments=130 seconds=5.92
[OK] 2026-03-27 Mañana run=261 rows=18722 events=18652 segments=157 seconds=5.49
[OK] 2026-03-27 Tarde run=262 rows=20182 events=20116 segments=157 seconds=5.98
[OK] 2026-03-27 Noche run=263 rows=19501 events=19455 segments=156 seconds=5.56
[OK] 2026-03-28 Mañana run=264 rows=17386 events=17315 segments=205 seconds=5.07
[OK] 2026-03-28 Tarde run=265 rows=9199 events=9166 segments=145 seconds=3.61
[OK] 2026-03-28 Noche run=266 rows=8 events=8 segments=0 seconds=1.64
[OK] 2026-03-29 Mañana run=267 rows=18 events=18 segments=0 seconds=1.81
[OK] 2026-03-29 Tarde run=268 rows=111 events=99 segments=8 seconds=1.73
[OK] 2026-03-29 Noche run=269 rows=20971 events=20909 segments=127 seconds=5.82
[OK] 2026-03-30 Mañana run=270 rows=24421 events=24360 segments=164 seconds=6.65
[OK] 2026-03-30 Tarde run=271 rows=19916 events=19853 segments=139 seconds=5.6
[OK] 2026-03-30 Noche run=272 rows=20639 events=20579 segments=147 seconds=5.97
[OK] 2026-03-31 Mañana run=273 rows=22438 events=22374 segments=158 seconds=6.1
[OK] 2026-03-31 Tarde run=274 rows=20348 events=20282 segments=167 seconds=6.53
[OK] 2026-03-31 Noche run=275 rows=18625 events=18574 segments=140 seconds=6.01
[OK] 2026-04-01 Mañana run=276 rows=19557 events=19516 segments=159 seconds=5.7
[OK] 2026-04-01 Tarde run=277 rows=20323 events=20271 segments=168 seconds=7.04
[OK] 2026-04-01 Noche run=278 rows=19071 events=19034 segments=133 seconds=7.4
[OK] 2026-04-02 Mañana run=279 rows=21783 events=21732 segments=169 seconds=7.23
[OK] 2026-04-02 Tarde run=280 rows=22313 events=22260 segments=164 seconds=9.02
[OK] 2026-04-02 Noche run=281 rows=17319 events=17271 segments=131 seconds=7.9
[OK] 2026-04-03 Mañana run=282 rows=20735 events=20689 segments=165 seconds=6.36
[OK] 2026-04-03 Tarde run=283 rows=16393 events=16335 segments=122 seconds=6.35
[OK] 2026-04-03 Noche run=284 rows=13507 events=13460 segments=123 seconds=5.22
[OK] 2026-04-04 Mañana run=285 rows=21931 events=21873 segments=210 seconds=6.41
[OK] 2026-04-04 Tarde run=286 rows=8975 events=8960 segments=135 seconds=4.07
[OK] 2026-04-04 Noche run=287 rows=72 events=62 segments=7 seconds=1.74
[OK] 2026-04-05 Mañana run=288 rows=20358 events=20316 segments=111 seconds=5.77
[OK] 2026-04-05 Tarde run=289 rows=197 events=175 segments=17 seconds=2.07
[OK] 2026-04-05 Noche run=290 rows=20399 events=20363 segments=141 seconds=7.06
[OK] 2026-04-06 Mañana run=291 rows=20116 events=20065 segments=165 seconds=6.12
[OK] 2026-04-06 Tarde run=292 rows=23745 events=23690 segments=167 seconds=7.13
[OK] 2026-04-06 Noche run=293 rows=21468 events=21429 segments=145 seconds=6.77
[OK] 2026-04-07 Mañana run=294 rows=21040 events=21007 segments=141 seconds=5.89
[OK] 2026-04-07 Tarde run=295 rows=21943 events=21905 segments=160 seconds=6.41
[OK] 2026-04-07 Noche run=296 rows=22142 events=22103 segments=159 seconds=7.62
[OK] 2026-04-08 Mañana run=297 rows=21116 events=21069 segments=165 seconds=7.18
[OK] 2026-04-08 Tarde run=298 rows=19387 events=19341 segments=156 seconds=8.35
[OK] 2026-04-08 Noche run=299 rows=22128 events=22093 segments=170 seconds=8.52
[OK] 2026-04-09 Mañana run=300 rows=22664 events=22629 segments=173 seconds=8.46
[OK] 2026-04-09 Tarde run=301 rows=23311 events=23259 segments=190 seconds=7.1
[OK] 2026-04-09 Noche run=302 rows=20415 events=20380 segments=153 seconds=6.88
[OK] 2026-04-10 Mañana run=303 rows=22318 events=22263 segments=179 seconds=7.31
[OK] 2026-04-10 Tarde run=304 rows=20809 events=20777 segments=159 seconds=7.6
[OK] 2026-04-10 Noche run=305 rows=20106 events=20066 segments=135 seconds=6.91
[OK] 2026-04-11 Mañana run=306 rows=17786 events=17737 segments=185 seconds=6.25
[OK] 2026-04-11 Tarde run=307 rows=8536 events=8514 segments=95 seconds=3.96
[OK] 2026-04-11 Noche run=308 rows=1 events=1 segments=0 seconds=1.67
[OK] 2026-04-12 Mañana run=309 rows=12 events=12 segments=0 seconds=1.62
[OK] 2026-04-12 Tarde run=310 rows=119 events=94 segments=9 seconds=1.69
[OK] 2026-04-12 Noche run=311 rows=21690 events=21636 segments=136 seconds=7.89
[OK] 2026-04-13 Mañana run=312 rows=21582 events=21536 segments=182 seconds=8.41
[OK] 2026-04-13 Tarde run=313 rows=24143 events=24086 segments=181 seconds=10.94
[OK] 2026-04-13 Noche run=314 rows=20295 events=20245 segments=148 seconds=6.76
[OK] 2026-04-14 Mañana run=315 rows=25057 events=25009 segments=172 seconds=8.63
[OK] 2026-04-14 Tarde run=316 rows=24418 events=24350 segments=177 seconds=7.97
[OK] 2026-04-14 Noche run=317 rows=19766 events=19721 segments=140 seconds=6.76
[OK] 2026-04-15 Mañana run=318 rows=24410 events=24364 segments=204 seconds=9.59
[OK] 2026-04-15 Tarde run=319 rows=22628 events=22577 segments=183 seconds=7.94
[OK] 2026-04-15 Noche run=320 rows=21951 events=21902 segments=160 seconds=6.91
[OK] 2026-04-16 Mañana run=321 rows=23114 events=23065 segments=195 seconds=7.39
[OK] 2026-04-16 Tarde run=322 rows=19417 events=19354 segments=162 seconds=7.11
[OK] 2026-04-16 Noche run=323 rows=20280 events=20237 segments=153 seconds=6.87
[OK] 2026-04-17 Mañana run=324 rows=24425 events=24365 segments=195 seconds=7.51
[OK] 2026-04-17 Tarde run=325 rows=19254 events=19196 segments=157 seconds=6.83
[OK] 2026-04-17 Noche run=326 rows=16202 events=16157 segments=138 seconds=6.47
[OK] 2026-04-18 Mañana run=327 rows=23245 events=23198 segments=237 seconds=7.08
[OK] 2026-04-18 Tarde run=328 rows=7942 events=7932 segments=93 seconds=3.84
[OK] 2026-04-18 Noche run=329 rows=0 events=0 segments=0 seconds=1.46
[OK] 2026-04-19 Mañana run=330 rows=0 events=0 segments=0 seconds=1.49
[OK] 2026-04-19 Tarde run=331 rows=67 events=58 segments=1 seconds=1.67
[OK] 2026-04-19 Noche run=332 rows=23368 events=23335 segments=145 seconds=7.13
[OK] 2026-04-20 Mañana run=333 rows=18210 events=18160 segments=154 seconds=6.75
[OK] 2026-04-20 Tarde run=334 rows=24125 events=24058 segments=157 seconds=8.54
[OK] 2026-04-20 Noche run=335 rows=21943 events=21906 segments=141 seconds=7.75
[OK] 2026-04-21 Mañana run=336 rows=19592 events=19551 segments=143 seconds=6.87
[OK] 2026-04-21 Tarde run=337 rows=21181 events=21118 segments=157 seconds=7.7
[OK] 2026-04-21 Noche run=338 rows=24099 events=24057 segments=152 seconds=9.53
[OK] 2026-04-22 Mañana run=339 rows=22445 events=22399 segments=160 seconds=7.84
[OK] 2026-04-22 Tarde run=340 rows=23987 events=23918 segments=156 seconds=8.55
[OK] 2026-04-22 Noche run=341 rows=24032 events=23982 segments=159 seconds=10.83
[OK] 2026-04-23 Mañana run=342 rows=24864 events=24828 segments=175 seconds=10.3
[OK] 2026-04-23 Tarde run=343 rows=24841 events=24779 segments=165 seconds=7.79
[OK] 2026-04-23 Noche run=344 rows=24288 events=24249 segments=153 seconds=8.05
[OK] 2026-04-24 Mañana run=345 rows=26134 events=26099 segments=173 seconds=8.14
[OK] 2026-04-24 Tarde run=346 rows=20102 events=20028 segments=134 seconds=7.48
[OK] 2026-04-24 Noche run=347 rows=16300 events=16269 segments=136 seconds=6.33
[OK] 2026-04-25 Mañana run=348 rows=13631 events=13553 segments=219 seconds=5.67
[OK] 2026-04-25 Tarde run=349 rows=3 events=2 segments=0 seconds=1.69
[OK] 2026-04-25 Noche run=350 rows=0 events=0 segments=0 seconds=1.4
[OK] 2026-04-26 Mañana run=351 rows=0 events=0 segments=0 seconds=1.38
[OK] 2026-04-26 Tarde run=352 rows=174 events=152 segments=22 seconds=1.74
[OK] 2026-04-26 Noche run=353 rows=22435 events=22379 segments=137 seconds=7.69
[OK] 2026-04-27 Mañana run=354 rows=21010 events=20964 segments=129 seconds=6.88
[OK] 2026-04-27 Tarde run=355 rows=24566 events=24507 segments=163 seconds=7.12
[OK] 2026-04-27 Noche run=356 rows=23885 events=23844 segments=154 seconds=7.51
[OK] 2026-04-28 Mañana run=357 rows=22359 events=22314 segments=150 seconds=7.82
[OK] 2026-04-28 Tarde run=358 rows=22437 events=22378 segments=160 seconds=9.22
[OK] 2026-04-28 Noche run=359 rows=19812 events=19776 segments=158 seconds=8.37
[OK] 2026-04-29 Mañana run=360 rows=20570 events=20513 segments=151 seconds=7.03
[OK] 2026-04-29 Tarde run=361 rows=19015 events=18968 segments=148 seconds=7.31
[OK] 2026-04-29 Noche run=362 rows=19552 events=19507 segments=130 seconds=6.59
[OK] 2026-04-30 Mañana run=363 rows=17400 events=17363 segments=112 seconds=6.22
[OK] 2026-04-30 Tarde run=364 rows=19643 events=19606 segments=141 seconds=6.81
[OK] 2026-04-30 Noche run=365 rows=2 events=1 segments=0 seconds=1.76
[OK] 2026-05-01 Mañana run=366 rows=0 events=0 segments=0 seconds=1.47
[OK] 2026-05-01 Tarde run=367 rows=200 events=183 segments=24 seconds=1.8
[OK] 2026-05-01 Noche run=368 rows=21346 events=21315 segments=163 seconds=7.4
[OK] 2026-05-02 Mañana run=369 rows=16309 events=16250 segments=237 seconds=6.11
[OK] 2026-05-02 Tarde run=370 rows=932 events=932 segments=22 seconds=2.06
[OK] 2026-05-02 Noche run=371 rows=0 events=0 segments=0 seconds=1.51
[OK] 2026-05-03 Mañana run=372 rows=0 events=0 segments=0 seconds=1.45
[OK] 2026-05-03 Tarde run=373 rows=140 events=120 segments=9 seconds=1.74
[OK] 2026-05-03 Noche run=374 rows=21340 events=21301 segments=151 seconds=6.56
[OK] 2026-05-04 Mañana run=375 rows=21915 events=21876 segments=156 seconds=9.21
[OK] 2026-05-04 Tarde run=376 rows=22769 events=22716 segments=191 seconds=8.43
[OK] 2026-05-04 Noche run=377 rows=22255 events=22209 segments=154 seconds=8.33
[OK] 2026-05-05 Mañana run=378 rows=23679 events=23625 segments=153 seconds=9.24
[OK] 2026-05-05 Tarde run=379 rows=21810 events=21770 segments=152 seconds=7.13
[OK] 2026-05-05 Noche run=380 rows=21348 events=21312 segments=128 seconds=8.43
[OK] 2026-05-06 Mañana run=381 rows=21721 events=21688 segments=135 seconds=8.03
[OK] 2026-05-06 Tarde run=382 rows=23965 events=23917 segments=171 seconds=9.09
[OK] 2026-05-06 Noche run=383 rows=21711 events=21681 segments=157 seconds=13.24
[OK] 2026-05-07 Mañana run=384 rows=21732 events=21678 segments=170 seconds=10.98
[OK] 2026-05-07 Tarde run=385 rows=23502 events=23476 segments=189 seconds=12.78
[OK] 2026-05-07 Noche run=386 rows=21285 events=21255 segments=163 seconds=10.34
[OK] 2026-05-08 Mañana run=387 rows=22746 events=22707 segments=174 seconds=11.9
[SKIP] 2026-05-08 Tarde cubierto localmente 2026-05-08 14:00:00..2026-05-08 22:00:00
[SKIP] 2026-05-08 Noche cubierto localmente 2026-05-08 22:00:00..2026-05-09 06:00:00
[SKIP] 2026-05-09 Mañana cubierto localmente 2026-05-09 06:00:00..2026-05-09 14:00:00
[SKIP] 2026-05-09 Tarde cubierto localmente 2026-05-09 14:00:00..2026-05-09 22:00:00
[SKIP] 2026-05-09 Noche cubierto localmente 2026-05-09 22:00:00..2026-05-10 06:00:00
[SKIP] 2026-05-10 Mañana cubierto localmente 2026-05-10 06:00:00..2026-05-10 14:00:00
[SKIP] 2026-05-10 Tarde cubierto localmente 2026-05-10 14:00:00..2026-05-10 22:00:00
[SKIP] 2026-05-10 Noche cubierto localmente 2026-05-10 22:00:00..2026-05-11 06:00:00
[SKIP] 2026-05-11 Mañana cubierto localmente 2026-05-11 06:00:00..2026-05-11 14:00:00
[SKIP] 2026-05-11 Tarde cubierto localmente 2026-05-11 14:00:00..2026-05-11 22:00:00
[SKIP] 2026-05-11 Noche cubierto localmente 2026-05-11 22:00:00..2026-05-12 06:00:00
[SKIP] 2026-05-12 Mañana cubierto localmente 2026-05-12 06:00:00..2026-05-12 14:00:00
[SKIP] 2026-05-12 Tarde cubierto localmente 2026-05-12 14:00:00..2026-05-12 22:00:00
[SKIP] 2026-05-12 Noche cubierto localmente 2026-05-12 22:00:00..2026-05-13 06:00:00
[SKIP] 2026-05-13 Mañana cubierto localmente 2026-05-13 06:00:00..2026-05-13 14:00:00
[SKIP] 2026-05-13 Tarde cubierto localmente 2026-05-13 14:00:00..2026-05-13 22:00:00
[SKIP] 2026-05-13 Noche cubierto localmente 2026-05-13 22:00:00..2026-05-14 06:00:00
[SKIP] 2026-05-14 Mañana cubierto localmente 2026-05-14 06:00:00..2026-05-14 14:00:00
[SKIP] 2026-05-14 Tarde cubierto localmente 2026-05-14 14:00:00..2026-05-14 22:00:00
[SKIP] 2026-05-14 Noche cubierto localmente 2026-05-14 22:00:00..2026-05-15 06:00:00
[SKIP] 2026-05-15 Mañana cubierto localmente 2026-05-15 06:00:00..2026-05-15 14:00:00
[SKIP] 2026-05-15 Tarde cubierto localmente 2026-05-15 14:00:00..2026-05-15 22:00:00
[SKIP] 2026-05-15 Noche cubierto localmente 2026-05-15 22:00:00..2026-05-16 06:00:00
[SKIP] 2026-05-16 Mañana cubierto localmente 2026-05-16 06:00:00..2026-05-16 14:00:00
[SKIP] 2026-05-16 Tarde cubierto localmente 2026-05-16 14:00:00..2026-05-16 22:00:00
[SKIP] 2026-05-16 Noche cubierto localmente 2026-05-16 22:00:00..2026-05-17 06:00:00
[SKIP] 2026-05-17 Mañana cubierto localmente 2026-05-17 06:00:00..2026-05-17 14:00:00
[SKIP] 2026-05-17 Tarde cubierto localmente 2026-05-17 14:00:00..2026-05-17 22:00:00
[SKIP] 2026-05-17 Noche cubierto localmente 2026-05-17 22:00:00..2026-05-18 06:00:00
[SKIP] 2026-05-18 Mañana cubierto localmente 2026-05-18 06:00:00..2026-05-18 14:00:00
[SKIP] 2026-05-18 Tarde cubierto localmente 2026-05-18 14:00:00..2026-05-18 22:00:00
[SKIP] 2026-05-18 Noche cubierto localmente 2026-05-18 22:00:00..2026-05-19 06:00:00
[SKIP] 2026-05-19 Mañana cubierto localmente 2026-05-19 06:00:00..2026-05-19 14:00:00
[SKIP] 2026-05-19 Tarde cubierto localmente 2026-05-19 14:00:00..2026-05-19 22:00:00
[SKIP] 2026-05-19 Noche cubierto localmente 2026-05-19 22:00:00..2026-05-20 06:00:00
[SKIP] 2026-05-20 Mañana cubierto localmente 2026-05-20 06:00:00..2026-05-20 14:00:00
[SKIP] 2026-05-20 Tarde cubierto localmente 2026-05-20 14:00:00..2026-05-20 22:00:00
[SKIP] 2026-05-20 Noche cubierto localmente 2026-05-20 22:00:00..2026-05-21 06:00:00
[SKIP] 2026-05-21 Mañana cubierto localmente 2026-05-21 06:00:00..2026-05-21 14:00:00
[SKIP] 2026-05-21 Tarde cubierto localmente 2026-05-21 14:00:00..2026-05-21 22:00:00
[SKIP] 2026-05-21 Noche cubierto localmente 2026-05-21 22:00:00..2026-05-22 06:00:00
[SKIP] 2026-05-22 Mañana cubierto localmente 2026-05-22 06:00:00..2026-05-22 14:00:00
[OK] 2026-05-22 Tarde run=388 rows=0 events=0 segments=0 seconds=1.58
[OK] 2026-05-22 Noche run=389 rows=0 events=0 segments=0 seconds=1.64
[DONE] loaded=382 skipped=43 errors=1
